// Vitest Snapshot v1, https://vitest.dev/guide/snapshot.html

exports[`Re-exported form tmdb-request > should parse 1`] = `
{
  "baseUrl": "https://api.themoviedb.org/3",
  "headers": {
    "accept": "application/json",
    "authorization": "Bearer ONLY_FOR_TESTING",
  },
  "method": "GET",
  "url": "/foo/baz",
}
`;
